=== Step 2: log4j 1.x → 2.x ブリッジ デモ ===
バックエンドは log4j org.apache.logging.log4j.core.Logger
注文処理を開始します
注文詳細: orderId=ORD-001, amount=5000
バリデーション通過: orderId=ORD-001
支払い処理を実行します: orderId=ORD-001
注文が正常に完了しました
注文処理を開始します
注文詳細: orderId=ORD-002, amount=150000
バリデーション通過: orderId=ORD-002
支払い処理を実行します: orderId=ORD-002
高額注文を検出しました。amount=150000
注文が正常に完了しました
決済開始: paymentId=FAIL-999, amount=3000
外部決済 API 呼び出し失敗
com.example.PaymentService$ExternalApiException: 外部 API タイムアウト: FAIL-999
	at com.example.PaymentService.simulateExternalCall(PaymentService.java:34) ~[classes/:?]
	at com.example.PaymentService.charge(PaymentService.java:20) [classes/:?]
	at com.example.App.main(App.java:29) [classes/:?]
	at org.codehaus.mojo.exec.ExecJavaMojo.doMain(ExecJavaMojo.java:358) [exec-maven-plugin-3.4.1.jar:3.4.1]
	at org.codehaus.mojo.exec.ExecJavaMojo.doExec(ExecJavaMojo.java:347) [exec-maven-plugin-3.4.1.jar:3.4.1]
	at org.codehaus.mojo.exec.ExecJavaMojo.lambda$execute$0(ExecJavaMojo.java:269) [exec-maven-plugin-3.4.1.jar:3.4.1]
	at java.base/java.lang.Thread.run(Thread.java:1474) [?:?]
決済開始: paymentId=PAY-XL, amount=2000000
決済上限超過。不正な取引の可能性: amount=2000000
注文処理を開始します
注文詳細: orderId=, amount=-1
注文バリデーションエラー: orderId が空です
メイン: バリデーションエラーをキャッチ: orderId が空です
=== Step 2 デモ終了 ===
{"@timestamp":"2026-05-21T13:44:55.569Z","ecs.version":"1.2.0","log.level":"INFO","message":"=== Step 2: log4j 1.x → 2.x ブリッジ デモ ===","process.thread.name":"com.example.App.main()","log.logger":"com.example.App"}
{"@timestamp":"2026-05-21T13:44:55.581Z","ecs.version":"1.2.0","log.level":"INFO","message":"バックエンドは log4j org.apache.logging.log4j.core.Logger","process.thread.name":"com.example.App.main()","log.logger":"com.example.App"}
{"@timestamp":"2026-05-21T13:44:55.598Z","ecs.version":"1.2.0","log.level":"INFO","message":"注文処理を開始します","process.thread.name":"com.example.App.main()","log.logger":"com.example.OrderService","customerId":"CUST-A","orderId":"ORD-001"}
{"@timestamp":"2026-05-21T13:44:55.630Z","ecs.version":"1.2.0","log.level":"DEBUG","message":"注文詳細: orderId=ORD-001, amount=5000","process.thread.name":"com.example.App.main()","log.logger":"com.example.OrderService","customerId":"CUST-A","orderId":"ORD-001"}
{"@timestamp":"2026-05-21T13:44:55.635Z","ecs.version":"1.2.0","log.level":"DEBUG","message":"バリデーション通過: orderId=ORD-001","process.thread.name":"com.example.App.main()","log.logger":"com.example.OrderService","customerId":"CUST-A","orderId":"ORD-001"}
{"@timestamp":"2026-05-21T13:44:55.636Z","ecs.version":"1.2.0","log.level":"INFO","message":"支払い処理を実行します: orderId=ORD-001","process.thread.name":"com.example.App.main()","log.logger":"com.example.OrderService","customerId":"CUST-A","orderId":"ORD-001"}
{"@timestamp":"2026-05-21T13:44:55.636Z","ecs.version":"1.2.0","log.level":"INFO","message":"注文が正常に完了しました","process.thread.name":"com.example.App.main()","log.logger":"com.example.OrderService","customerId":"CUST-A","orderId":"ORD-001"}
{"@timestamp":"2026-05-21T13:44:55.637Z","ecs.version":"1.2.0","log.level":"INFO","message":"注文処理を開始します","process.thread.name":"com.example.App.main()","log.logger":"com.example.OrderService","customerId":"CUST-B","orderId":"ORD-002"}
{"@timestamp":"2026-05-21T13:44:55.637Z","ecs.version":"1.2.0","log.level":"DEBUG","message":"注文詳細: orderId=ORD-002, amount=150000","process.thread.name":"com.example.App.main()","log.logger":"com.example.OrderService","customerId":"CUST-B","orderId":"ORD-002"}
{"@timestamp":"2026-05-21T13:44:55.638Z","ecs.version":"1.2.0","log.level":"DEBUG","message":"バリデーション通過: orderId=ORD-002","process.thread.name":"com.example.App.main()","log.logger":"com.example.OrderService","customerId":"CUST-B","orderId":"ORD-002"}
{"@timestamp":"2026-05-21T13:44:55.644Z","ecs.version":"1.2.0","log.level":"INFO","message":"支払い処理を実行します: orderId=ORD-002","process.thread.name":"com.example.App.main()","log.logger":"com.example.OrderService","customerId":"CUST-B","orderId":"ORD-002"}
{"@timestamp":"2026-05-21T13:44:55.645Z","ecs.version":"1.2.0","log.level":"WARN","message":"高額注文を検出しました。amount=150000","process.thread.name":"com.example.App.main()","log.logger":"com.example.OrderService","customerId":"CUST-B","orderId":"ORD-002"}
{"@timestamp":"2026-05-21T13:44:55.646Z","ecs.version":"1.2.0","log.level":"INFO","message":"注文が正常に完了しました","process.thread.name":"com.example.App.main()","log.logger":"com.example.OrderService","customerId":"CUST-B","orderId":"ORD-002"}
{"@timestamp":"2026-05-21T13:44:55.647Z","ecs.version":"1.2.0","log.level":"INFO","message":"決済開始: paymentId=FAIL-999, amount=3000","process.thread.name":"com.example.App.main()","log.logger":"com.example.PaymentService","paymentId":"FAIL-999"}
{"@timestamp":"2026-05-21T13:44:55.648Z","ecs.version":"1.2.0","log.level":"ERROR","message":"外部決済 API 呼び出し失敗","process.thread.name":"com.example.App.main()","log.logger":"com.example.PaymentService","paymentId":"FAIL-999","error.type":"com.example.PaymentService.ExternalApiException","error.message":"外部 API タイムアウト: FAIL-999","error.stack_trace":"com.example.PaymentService$ExternalApiException: 外部 API タイムアウト: FAIL-999\n\tat com.example.PaymentService.simulateExternalCall(PaymentService.java:34)\n\tat com.example.PaymentService.charge(PaymentService.java:20)\n\tat com.example.App.main(App.java:29)\n\tat org.codehaus.mojo.exec.ExecJavaMojo.doMain(ExecJavaMojo.java:358)\n\tat org.codehaus.mojo.exec.ExecJavaMojo.doExec(ExecJavaMojo.java:347)\n\tat org.codehaus.mojo.exec.ExecJavaMojo.lambda$execute$0(ExecJavaMojo.java:269)\n\tat java.base/java.lang.Thread.run(Thread.java:1474)\n"}
{"@timestamp":"2026-05-21T13:44:55.664Z","ecs.version":"1.2.0","log.level":"INFO","message":"決済開始: paymentId=PAY-XL, amount=2000000","process.thread.name":"com.example.App.main()","log.logger":"com.example.PaymentService","paymentId":"PAY-XL"}
{"@timestamp":"2026-05-21T13:44:55.665Z","ecs.version":"1.2.0","log.level":"FATAL","message":"決済上限超過。不正な取引の可能性: amount=2000000","process.thread.name":"com.example.App.main()","log.logger":"com.example.PaymentService","paymentId":"PAY-XL"}
{"@timestamp":"2026-05-21T13:44:55.665Z","ecs.version":"1.2.0","log.level":"INFO","message":"注文処理を開始します","process.thread.name":"com.example.App.main()","log.logger":"com.example.OrderService","customerId":"CUST-C","orderId":""}
{"@timestamp":"2026-05-21T13:44:55.665Z","ecs.version":"1.2.0","log.level":"DEBUG","message":"注文詳細: orderId=, amount=-1","process.thread.name":"com.example.App.main()","log.logger":"com.example.OrderService","customerId":"CUST-C","orderId":""}
{"@timestamp":"2026-05-21T13:44:55.665Z","ecs.version":"1.2.0","log.level":"WARN","message":"注文バリデーションエラー: orderId が空です","process.thread.name":"com.example.App.main()","log.logger":"com.example.OrderService","customerId":"CUST-C","orderId":""}
{"@timestamp":"2026-05-21T13:44:55.665Z","ecs.version":"1.2.0","log.level":"WARN","message":"メイン: バリデーションエラーをキャッチ: orderId が空です","process.thread.name":"com.example.App.main()","log.logger":"com.example.App"}
{"@timestamp":"2026-05-21T13:44:55.666Z","ecs.version":"1.2.0","log.level":"INFO","message":"=== Step 2 デモ終了 ===","process.thread.name":"com.example.App.main()","log.logger":"com.example.App"}
